// Jest Snapshot v1, https://goo.gl/fbAQLP

exports[`App component App to match snapshot 1`] = `
Object {
  "asFragment": [Function],
  "baseElement": <body>
    <div>
      <section
        class="main"
      >
        <section
          class="main-container"
          role="main"
        >
          <table
            class="news-feed-table"
          >
            <thead>
              <tr
                class="news-feed-header-row"
              >
                <th
                  class="news-feed-header-item fixed-width center"
                >
                  Comments
                </th>
                <th
                  class="news-feed-header-item fixed-width center"
                >
                  Vote Count
                </th>
                <th
                  class="news-feed-header-item fixed-width center"
                >
                  Upvote
                </th>
                <th
                  class="news-feed-header-item left-align"
                >
                  News Details
                </th>
              </tr>
            </thead>
            <tbody />
          </table>
          <div
            class="btn-wrapper"
          >
            <button
              class="prev"
              disabled=""
            >
              Previous
            </button>
            <button
              class="next"
            >
              Next
            </button>
          </div>
        </section>
        <div
          class="loader-wrapper"
        >
          <div
            class="loader"
          />
        </div>
      </section>
    </div>
  </body>,
  "container": <div>
    <section
      class="main"
    >
      <section
        class="main-container"
        role="main"
      >
        <table
          class="news-feed-table"
        >
          <thead>
            <tr
              class="news-feed-header-row"
            >
              <th
                class="news-feed-header-item fixed-width center"
              >
                Comments
              </th>
              <th
                class="news-feed-header-item fixed-width center"
              >
                Vote Count
              </th>
              <th
                class="news-feed-header-item fixed-width center"
              >
                Upvote
              </th>
              <th
                class="news-feed-header-item left-align"
              >
                News Details
              </th>
            </tr>
          </thead>
          <tbody />
        </table>
        <div
          class="btn-wrapper"
        >
          <button
            class="prev"
            disabled=""
          >
            Previous
          </button>
          <button
            class="next"
          >
            Next
          </button>
        </div>
      </section>
      <div
        class="loader-wrapper"
      >
        <div
          class="loader"
        />
      </div>
    </section>
  </div>,
  "debug": [Function],
  "findAllByAltText": [Function],
  "findAllByDisplayValue": [Function],
  "findAllByLabelText": [Function],
  "findAllByPlaceholderText": [Function],
  "findAllByRole": [Function],
  "findAllByTestId": [Function],
  "findAllByText": [Function],
  "findAllByTitle": [Function],
  "findByAltText": [Function],
  "findByDisplayValue": [Function],
  "findByLabelText": [Function],
  "findByPlaceholderText": [Function],
  "findByRole": [Function],
  "findByTestId": [Function],
  "findByText": [Function],
  "findByTitle": [Function],
  "getAllByAltText": [Function],
  "getAllByDisplayValue": [Function],
  "getAllByLabelText": [Function],
  "getAllByPlaceholderText": [Function],
  "getAllByRole": [Function],
  "getAllByTestId": [Function],
  "getAllByText": [Function],
  "getAllByTitle": [Function],
  "getByAltText": [Function],
  "getByDisplayValue": [Function],
  "getByLabelText": [Function],
  "getByPlaceholderText": [Function],
  "getByRole": [Function],
  "getByTestId": [Function],
  "getByText": [Function],
  "getByTitle": [Function],
  "queryAllByAltText": [Function],
  "queryAllByDisplayValue": [Function],
  "queryAllByLabelText": [Function],
  "queryAllByPlaceholderText": [Function],
  "queryAllByRole": [Function],
  "queryAllByTestId": [Function],
  "queryAllByText": [Function],
  "queryAllByTitle": [Function],
  "queryByAltText": [Function],
  "queryByDisplayValue": [Function],
  "queryByLabelText": [Function],
  "queryByPlaceholderText": [Function],
  "queryByRole": [Function],
  "queryByTestId": [Function],
  "queryByText": [Function],
  "queryByTitle": [Function],
  "rerender": [Function],
  "unmount": [Function],
}
`;
